// Jest Snapshot v1, https://goo.gl/fbAQLP

exports[`Void should change redux state 1`] = `""`;
